Archive member included because of file (symbol)

c:/winavr-20100110/bin/../lib/gcc/avr/4.3.3/avr5\libgcc.a(_exit.o)
                              c:/winavr-20100110/bin/../lib/gcc/avr/4.3.3/../../../../avr/lib/avr5/crtm168.o (exit)

Memory Configuration

Name             Origin             Length             Attributes
text             0x00000000         0x00020000         xr
data             0x00800060         0x0000ffa0         rw !x
eeprom           0x00810000         0x00010000         rw !x
fuse             0x00820000         0x00000400         rw !x
lock             0x00830000         0x00000400         rw !x
signature        0x00840000         0x00000400         rw !x
*default*        0x00000000         0xffffffff

Linker script and memory map

Address of section .data set to 0x800100
LOAD c:/winavr-20100110/bin/../lib/gcc/avr/4.3.3/../../../../avr/lib/avr5/crtm168.o
LOAD obj\Debug\codec_analogue.o
LOAD obj\Debug\codec_commande.o
LOAD obj\Debug\codec_digital.o
LOAD obj\Debug\codec_fileTest.o
LOAD obj\Debug\codec_spSet.o
LOAD obj\Debug\fuse.o
LOAD obj\Debug\I2C\my_I2C.o
LOAD obj\Debug\init_port.o
LOAD obj\Debug\main.o
LOAD c:/winavr-20100110/bin/../lib/gcc/avr/4.3.3/avr5\libgcc.a
LOAD C:\WinAVR-20100110\avr\lib\libc.a
LOAD c:/winavr-20100110/bin/../lib/gcc/avr/4.3.3/avr5\libgcc.a

.hash
 *(.hash)

.dynsym
 *(.dynsym)

.dynstr
 *(.dynstr)

.gnu.version
 *(.gnu.version)

.gnu.version_d
 *(.gnu.version_d)

.gnu.version_r
 *(.gnu.version_r)

.rel.init
 *(.rel.init)

.rela.init
 *(.rela.init)

.rel.text
 *(.rel.text)
 *(.rel.text.*)
 *(.rel.gnu.linkonce.t*)

.rela.text
 *(.rela.text)
 *(.rela.text.*)
 *(.rela.gnu.linkonce.t*)

.rel.fini
 *(.rel.fini)

.rela.fini
 *(.rela.fini)

.rel.rodata
 *(.rel.rodata)
 *(.rel.rodata.*)
 *(.rel.gnu.linkonce.r*)

.rela.rodata
 *(.rela.rodata)
 *(.rela.rodata.*)
 *(.rela.gnu.linkonce.r*)

.rel.data
 *(.rel.data)
 *(.rel.data.*)
 *(.rel.gnu.linkonce.d*)

.rela.data
 *(.rela.data)
 *(.rela.data.*)
 *(.rela.gnu.linkonce.d*)

.rel.ctors
 *(.rel.ctors)

.rela.ctors
 *(.rela.ctors)

.rel.dtors
 *(.rel.dtors)

.rela.dtors
 *(.rela.dtors)

.rel.got
 *(.rel.got)

.rela.got
 *(.rela.got)

.rel.bss
 *(.rel.bss)

.rela.bss
 *(.rela.bss)

.rel.plt
 *(.rel.plt)

.rela.plt
 *(.rela.plt)

.text           0x00000000      0xf96
 *(.vectors)
 .vectors       0x00000000       0x68 c:/winavr-20100110/bin/../lib/gcc/avr/4.3.3/../../../../avr/lib/avr5/crtm168.o
                0x00000000                __vectors
                0x00000000                __vector_default
 *(.vectors)
 *(.progmem.gcc*)
 *(.progmem*)
                0x00000068                . = ALIGN (0x2)
                0x00000068                __trampolines_start = .
 *(.trampolines)
 .trampolines   0x00000068        0x0 linker stubs
 *(.trampolines*)
                0x00000068                __trampolines_end = .
 *(.jumptables)
 *(.jumptables*)
 *(.lowtext)
 *(.lowtext*)
                0x00000068                __ctors_start = .
 *(.ctors)
                0x00000068                __ctors_end = .
                0x00000068                __dtors_start = .
 *(.dtors)
                0x00000068                __dtors_end = .
 SORT(*)(.ctors)
 SORT(*)(.dtors)
 *(.init0)
 .init0         0x00000068        0x0 c:/winavr-20100110/bin/../lib/gcc/avr/4.3.3/../../../../avr/lib/avr5/crtm168.o
                0x00000068                __init
 *(.init0)
 *(.init1)
 *(.init1)
 *(.init2)
 .init2         0x00000068        0xc c:/winavr-20100110/bin/../lib/gcc/avr/4.3.3/../../../../avr/lib/avr5/crtm168.o
 *(.init2)
 *(.init3)
 *(.init3)
 *(.init4)
 *(.init4)
 *(.init5)
 *(.init5)
 *(.init6)
 *(.init6)
 *(.init7)
 *(.init7)
 *(.init8)
 *(.init8)
 *(.init9)
 .init9         0x00000074        0x8 c:/winavr-20100110/bin/../lib/gcc/avr/4.3.3/../../../../avr/lib/avr5/crtm168.o
 *(.init9)
 *(.text)
 .text          0x0000007c        0x4 c:/winavr-20100110/bin/../lib/gcc/avr/4.3.3/../../../../avr/lib/avr5/crtm168.o
                0x0000007c                __vector_22
                0x0000007c                __vector_24
                0x0000007c                __vector_12
                0x0000007c                __bad_interrupt
                0x0000007c                __vector_6
                0x0000007c                __vector_3
                0x0000007c                __vector_23
                0x0000007c                __vector_25
                0x0000007c                __vector_11
                0x0000007c                __vector_13
                0x0000007c                __vector_17
                0x0000007c                __vector_19
                0x0000007c                __vector_7
                0x0000007c                __vector_5
                0x0000007c                __vector_4
                0x0000007c                __vector_9
                0x0000007c                __vector_21
                0x0000007c                __vector_15
                0x0000007c                __vector_8
                0x0000007c                __vector_14
                0x0000007c                __vector_10
                0x0000007c                __vector_16
                0x0000007c                __vector_18
                0x0000007c                __vector_20
 .text          0x00000080      0x168 obj\Debug\codec_analogue.o
                0x0000012a                codec_line
                0x00000080                codec_mic
 .text          0x000001e8       0x66 obj\Debug\codec_commande.o
                0x000001e8                codec_CMD
 .text          0x0000024e      0x18c obj\Debug\codec_digital.o
                0x00000304                codec_line_ADC
                0x0000024e                codec_mic_ADC
 .text          0x000003da      0x36c obj\Debug\codec_fileTest.o
                0x000003da                codec_bypass
                0x00000498                codec_linein_bypass
                0x000006c6                codec_default
                0x0000061a                codec_ADCDAC
                0x00000556                codec_test2
 .text          0x00000746      0x54c obj\Debug\codec_spSet.o
                0x00000972                set_data
                0x00000a9e                set_fs_441
                0x000007e2                set_format_MSBRJ
                0x000008a2                set_data_16bits
                0x0000093e                set_data_32bits
                0x00000746                set_format_DSP
                0x00000b3e                set_fs_882
                0x00000a4e                set_fs_32
                0x0000077a                set_format_I2S
                0x000009fe                set_fs_8
                0x0000090a                set_data_24bits
                0x000008d6                set_data_20bits
                0x00000816                set_format
                0x00000b8e                set_fs_96
                0x000007ae                set_format_MSBLJ
                0x00000bde                set_fs
                0x00000aee                set_fs_48
 .text          0x00000c92        0x0 obj\Debug\fuse.o
 .text          0x00000c92      0x134 obj\Debug\I2C\my_I2C.o
                0x00000cb4                I2C_start
                0x00000db8                ERROR_TRANSMISSION
                0x00000c92                I2C_init
                0x00000da2                I2C_stop
                0x00000cec                I2C_write
 .text          0x00000dc6       0xd2 obj\Debug\init_port.o
                0x00000e60                reset_LED
                0x00000e1a                interrupt
                0x00000dc6                port
 .text          0x00000e98       0xfa obj\Debug\main.o
                0x00000ebe                __vector_1
                0x00000e98                main
                0x00000f28                __vector_2
 .text          0x00000f92        0x0 c:/winavr-20100110/bin/../lib/gcc/avr/4.3.3/avr5\libgcc.a(_exit.o)
                0x00000f92                . = ALIGN (0x2)
 *(.text.*)
 .text.libgcc   0x00000f92        0x0 c:/winavr-20100110/bin/../lib/gcc/avr/4.3.3/avr5\libgcc.a(_exit.o)
                0x00000f92                . = ALIGN (0x2)
 *(.fini9)
 .fini9         0x00000f92        0x0 c:/winavr-20100110/bin/../lib/gcc/avr/4.3.3/avr5\libgcc.a(_exit.o)
                0x00000f92                exit
                0x00000f92                _exit
 *(.fini9)
 *(.fini8)
 *(.fini8)
 *(.fini7)
 *(.fini7)
 *(.fini6)
 *(.fini6)
 *(.fini5)
 *(.fini5)
 *(.fini4)
 *(.fini4)
 *(.fini3)
 *(.fini3)
 *(.fini2)
 *(.fini2)
 *(.fini1)
 *(.fini1)
 *(.fini0)
 .fini0         0x00000f92        0x4 c:/winavr-20100110/bin/../lib/gcc/avr/4.3.3/avr5\libgcc.a(_exit.o)
 *(.fini0)
                0x00000f96                _etext = .

.data           0x00800100        0x0 load address 0x00000f96
                0x00800100                PROVIDE (__data_start, .)
 *(.data)
 .data          0x00800100        0x0 c:/winavr-20100110/bin/../lib/gcc/avr/4.3.3/../../../../avr/lib/avr5/crtm168.o
 .data          0x00800100        0x0 obj\Debug\codec_analogue.o
 .data          0x00800100        0x0 obj\Debug\codec_commande.o
 .data          0x00800100        0x0 obj\Debug\codec_digital.o
 .data          0x00800100        0x0 obj\Debug\codec_fileTest.o
 .data          0x00800100        0x0 obj\Debug\codec_spSet.o
 .data          0x00800100        0x0 obj\Debug\fuse.o
 .data          0x00800100        0x0 obj\Debug\I2C\my_I2C.o
 .data          0x00800100        0x0 obj\Debug\init_port.o
 .data          0x00800100        0x0 obj\Debug\main.o
 .data          0x00800100        0x0 c:/winavr-20100110/bin/../lib/gcc/avr/4.3.3/avr5\libgcc.a(_exit.o)
 *(.data*)
 *(.rodata)
 *(.rodata*)
 *(.gnu.linkonce.d*)
                0x00800100                . = ALIGN (0x2)
                0x00800100                _edata = .
                0x00800100                PROVIDE (__data_end, .)

.bss            0x00800100        0x0
                0x00800100                PROVIDE (__bss_start, .)
 *(.bss)
 .bss           0x00800100        0x0 c:/winavr-20100110/bin/../lib/gcc/avr/4.3.3/../../../../avr/lib/avr5/crtm168.o
 .bss           0x00800100        0x0 obj\Debug\codec_analogue.o
 .bss           0x00800100        0x0 obj\Debug\codec_commande.o
 .bss           0x00800100        0x0 obj\Debug\codec_digital.o
 .bss           0x00800100        0x0 obj\Debug\codec_fileTest.o
 .bss           0x00800100        0x0 obj\Debug\codec_spSet.o
 .bss           0x00800100        0x0 obj\Debug\fuse.o
 .bss           0x00800100        0x0 obj\Debug\I2C\my_I2C.o
 .bss           0x00800100        0x0 obj\Debug\init_port.o
 .bss           0x00800100        0x0 obj\Debug\main.o
 .bss           0x00800100        0x0 c:/winavr-20100110/bin/../lib/gcc/avr/4.3.3/avr5\libgcc.a(_exit.o)
 *(.bss*)
 *(COMMON)
                0x00800100                PROVIDE (__bss_end, .)
                0x00000f96                __data_load_start = LOADADDR (.data)
                0x00000f96                __data_load_end = (__data_load_start + SIZEOF (.data))

.noinit         0x00800100        0x0
                0x00800100                PROVIDE (__noinit_start, .)
 *(.noinit*)
                0x00800100                PROVIDE (__noinit_end, .)
                0x00800100                _end = .
                0x00800100                PROVIDE (__heap_start, .)

.eeprom         0x00810000        0x0
 *(.eeprom*)
                0x00810000                __eeprom_end = .

.fuse           0x00820000        0x3
 *(.fuse)
 .fuse          0x00820000        0x3 obj\Debug\fuse.o
                0x00820000                __fuse
 *(.lfuse)
 *(.hfuse)
 *(.efuse)

.lock
 *(.lock*)

.signature
 *(.signature*)

.stab
 *(.stab)

.stabstr
 *(.stabstr)

.stab.excl
 *(.stab.excl)

.stab.exclstr
 *(.stab.exclstr)

.stab.index
 *(.stab.index)

.stab.indexstr
 *(.stab.indexstr)

.comment
 *(.comment)

.debug
 *(.debug)

.line
 *(.line)

.debug_srcinfo
 *(.debug_srcinfo)

.debug_sfnames
 *(.debug_sfnames)

.debug_aranges  0x00000000      0x100
 *(.debug_aranges)
 .debug_aranges
                0x00000000       0x20 obj\Debug\codec_analogue.o
 .debug_aranges
                0x00000020       0x20 obj\Debug\codec_commande.o
 .debug_aranges
                0x00000040       0x20 obj\Debug\codec_digital.o
 .debug_aranges
                0x00000060       0x20 obj\Debug\codec_fileTest.o
 .debug_aranges
                0x00000080       0x20 obj\Debug\codec_spSet.o
 .debug_aranges
                0x000000a0       0x20 obj\Debug\I2C\my_I2C.o
 .debug_aranges
                0x000000c0       0x20 obj\Debug\init_port.o
 .debug_aranges
                0x000000e0       0x20 obj\Debug\main.o

.debug_pubnames
                0x00000000      0x30e
 *(.debug_pubnames)
 .debug_pubnames
                0x00000000       0x2f obj\Debug\codec_analogue.o
 .debug_pubnames
                0x0000002f       0x20 obj\Debug\codec_commande.o
 .debug_pubnames
                0x0000004f       0x37 obj\Debug\codec_digital.o
 .debug_pubnames
                0x00000086       0x6e obj\Debug\codec_fileTest.o
 .debug_pubnames
                0x000000f4      0x12e obj\Debug\codec_spSet.o
 .debug_pubnames
                0x00000222       0x1d obj\Debug\fuse.o
 .debug_pubnames
                0x0000023f       0x5f obj\Debug\I2C\my_I2C.o
 .debug_pubnames
                0x0000029e       0x37 obj\Debug\init_port.o
 .debug_pubnames
                0x000002d5       0x39 obj\Debug\main.o

.debug_info     0x00000000      0xb74
 *(.debug_info)
 .debug_info    0x00000000      0x108 obj\Debug\codec_analogue.o
 .debug_info    0x00000108       0xc7 obj\Debug\codec_commande.o
 .debug_info    0x000001cf      0x140 obj\Debug\codec_digital.o
 .debug_info    0x0000030f      0x213 obj\Debug\codec_fileTest.o
 .debug_info    0x00000522      0x372 obj\Debug\codec_spSet.o
 .debug_info    0x00000894       0xae obj\Debug\fuse.o
 .debug_info    0x00000942       0xfd obj\Debug\I2C\my_I2C.o
 .debug_info    0x00000a3f       0x97 obj\Debug\init_port.o
 .debug_info    0x00000ad6       0x9e obj\Debug\main.o
 *(.gnu.linkonce.wi.*)

.debug_abbrev   0x00000000      0x3e3
 *(.debug_abbrev)
 .debug_abbrev  0x00000000       0x61 obj\Debug\codec_analogue.o
 .debug_abbrev  0x00000061       0x86 obj\Debug\codec_commande.o
 .debug_abbrev  0x000000e7       0x61 obj\Debug\codec_digital.o
 .debug_abbrev  0x00000148       0x61 obj\Debug\codec_fileTest.o
 .debug_abbrev  0x000001a9       0xaa obj\Debug\codec_spSet.o
 .debug_abbrev  0x00000253       0x73 obj\Debug\fuse.o
 .debug_abbrev  0x000002c6       0x8a obj\Debug\I2C\my_I2C.o
 .debug_abbrev  0x00000350       0x3d obj\Debug\init_port.o
 .debug_abbrev  0x0000038d       0x56 obj\Debug\main.o

.debug_line     0x00000000      0xd65
 *(.debug_line)
 .debug_line    0x00000000      0x16a obj\Debug\codec_analogue.o
 .debug_line    0x0000016a       0xaf obj\Debug\codec_commande.o
 .debug_line    0x00000219      0x189 obj\Debug\codec_digital.o
 .debug_line    0x000003a2      0x302 obj\Debug\codec_fileTest.o
 .debug_line    0x000006a4      0x33a obj\Debug\codec_spSet.o
 .debug_line    0x000009de       0x75 obj\Debug\fuse.o
 .debug_line    0x00000a53      0x14d obj\Debug\I2C\my_I2C.o
 .debug_line    0x00000ba0       0xdd obj\Debug\init_port.o
 .debug_line    0x00000c7d       0xe8 obj\Debug\main.o

.debug_frame    0x00000000      0x2e0
 *(.debug_frame)
 .debug_frame   0x00000000       0x30 obj\Debug\codec_analogue.o
 .debug_frame   0x00000030       0x20 obj\Debug\codec_commande.o
 .debug_frame   0x00000050       0x30 obj\Debug\codec_digital.o
 .debug_frame   0x00000080       0x60 obj\Debug\codec_fileTest.o
 .debug_frame   0x000000e0      0x120 obj\Debug\codec_spSet.o
 .debug_frame   0x00000200       0x60 obj\Debug\I2C\my_I2C.o
 .debug_frame   0x00000260       0x40 obj\Debug\init_port.o
 .debug_frame   0x000002a0       0x40 obj\Debug\main.o

.debug_str      0x00000000      0x4d9
 *(.debug_str)
 .debug_str     0x00000000       0xee obj\Debug\codec_analogue.o
                                0x122 (size before relaxing)
 .debug_str     0x000000ee       0xa6 obj\Debug\codec_commande.o
                                0x11e (size before relaxing)
 .debug_str     0x00000194       0x41 obj\Debug\codec_digital.o
                                0x13d (size before relaxing)
 .debug_str     0x000001d5       0xa9 obj\Debug\codec_fileTest.o
                                0x192 (size before relaxing)
 .debug_str     0x0000027e      0x159 obj\Debug\codec_spSet.o
                                0x1f4 (size before relaxing)
 .debug_str     0x000003d7       0x75 obj\Debug\fuse.o
                                 0xe8 (size before relaxing)
 .debug_str     0x0000044c       0x46 obj\Debug\I2C\my_I2C.o
                                0x132 (size before relaxing)
 .debug_str     0x00000492       0x25 obj\Debug\init_port.o
                                 0xf9 (size before relaxing)
 .debug_str     0x000004b7       0x22 obj\Debug\main.o
                                 0xf6 (size before relaxing)

.debug_loc
 *(.debug_loc)

.debug_macinfo
 *(.debug_macinfo)
OUTPUT(bin\Debug\COMMAND168_CODEC.elf elf32-avr)
LOAD linker stubs

Cross Reference Table

Symbol                                            File
ERROR_TRANSMISSION                                obj\Debug\I2C\my_I2C.o
I2C_init                                          obj\Debug\I2C\my_I2C.o
                                                  obj\Debug\codec_fileTest.o
                                                  obj\Debug\codec_digital.o
                                                  obj\Debug\codec_analogue.o
I2C_start                                         obj\Debug\I2C\my_I2C.o
                                                  obj\Debug\codec_commande.o
I2C_stop                                          obj\Debug\I2C\my_I2C.o
                                                  obj\Debug\codec_commande.o
I2C_write                                         obj\Debug\I2C\my_I2C.o
                                                  obj\Debug\codec_commande.o
__bad_interrupt                                   c:/winavr-20100110/bin/../lib/gcc/avr/4.3.3/../../../../avr/lib/avr5/crtm168.o
__fuse                                            obj\Debug\fuse.o
__heap_end                                        c:/winavr-20100110/bin/../lib/gcc/avr/4.3.3/../../../../avr/lib/avr5/crtm168.o
__init                                            c:/winavr-20100110/bin/../lib/gcc/avr/4.3.3/../../../../avr/lib/avr5/crtm168.o
__stack                                           c:/winavr-20100110/bin/../lib/gcc/avr/4.3.3/../../../../avr/lib/avr5/crtm168.o
__vector_1                                        obj\Debug\main.o
                                                  c:/winavr-20100110/bin/../lib/gcc/avr/4.3.3/../../../../avr/lib/avr5/crtm168.o
__vector_10                                       c:/winavr-20100110/bin/../lib/gcc/avr/4.3.3/../../../../avr/lib/avr5/crtm168.o
__vector_11                                       c:/winavr-20100110/bin/../lib/gcc/avr/4.3.3/../../../../avr/lib/avr5/crtm168.o
__vector_12                                       c:/winavr-20100110/bin/../lib/gcc/avr/4.3.3/../../../../avr/lib/avr5/crtm168.o
__vector_13                                       c:/winavr-20100110/bin/../lib/gcc/avr/4.3.3/../../../../avr/lib/avr5/crtm168.o
__vector_14                                       c:/winavr-20100110/bin/../lib/gcc/avr/4.3.3/../../../../avr/lib/avr5/crtm168.o
__vector_15                                       c:/winavr-20100110/bin/../lib/gcc/avr/4.3.3/../../../../avr/lib/avr5/crtm168.o
__vector_16                                       c:/winavr-20100110/bin/../lib/gcc/avr/4.3.3/../../../../avr/lib/avr5/crtm168.o
__vector_17                                       c:/winavr-20100110/bin/../lib/gcc/avr/4.3.3/../../../../avr/lib/avr5/crtm168.o
__vector_18                                       c:/winavr-20100110/bin/../lib/gcc/avr/4.3.3/../../../../avr/lib/avr5/crtm168.o
__vector_19                                       c:/winavr-20100110/bin/../lib/gcc/avr/4.3.3/../../../../avr/lib/avr5/crtm168.o
__vector_2                                        obj\Debug\main.o
                                                  c:/winavr-20100110/bin/../lib/gcc/avr/4.3.3/../../../../avr/lib/avr5/crtm168.o
__vector_20                                       c:/winavr-20100110/bin/../lib/gcc/avr/4.3.3/../../../../avr/lib/avr5/crtm168.o
__vector_21                                       c:/winavr-20100110/bin/../lib/gcc/avr/4.3.3/../../../../avr/lib/avr5/crtm168.o
__vector_22                                       c:/winavr-20100110/bin/../lib/gcc/avr/4.3.3/../../../../avr/lib/avr5/crtm168.o
__vector_23                                       c:/winavr-20100110/bin/../lib/gcc/avr/4.3.3/../../../../avr/lib/avr5/crtm168.o
__vector_24                                       c:/winavr-20100110/bin/../lib/gcc/avr/4.3.3/../../../../avr/lib/avr5/crtm168.o
__vector_25                                       c:/winavr-20100110/bin/../lib/gcc/avr/4.3.3/../../../../avr/lib/avr5/crtm168.o
__vector_3                                        c:/winavr-20100110/bin/../lib/gcc/avr/4.3.3/../../../../avr/lib/avr5/crtm168.o
__vector_4                                        c:/winavr-20100110/bin/../lib/gcc/avr/4.3.3/../../../../avr/lib/avr5/crtm168.o
__vector_5                                        c:/winavr-20100110/bin/../lib/gcc/avr/4.3.3/../../../../avr/lib/avr5/crtm168.o
__vector_6                                        c:/winavr-20100110/bin/../lib/gcc/avr/4.3.3/../../../../avr/lib/avr5/crtm168.o
__vector_7                                        c:/winavr-20100110/bin/../lib/gcc/avr/4.3.3/../../../../avr/lib/avr5/crtm168.o
__vector_8                                        c:/winavr-20100110/bin/../lib/gcc/avr/4.3.3/../../../../avr/lib/avr5/crtm168.o
__vector_9                                        c:/winavr-20100110/bin/../lib/gcc/avr/4.3.3/../../../../avr/lib/avr5/crtm168.o
__vector_default                                  c:/winavr-20100110/bin/../lib/gcc/avr/4.3.3/../../../../avr/lib/avr5/crtm168.o
__vectors                                         c:/winavr-20100110/bin/../lib/gcc/avr/4.3.3/../../../../avr/lib/avr5/crtm168.o
_exit                                             c:/winavr-20100110/bin/../lib/gcc/avr/4.3.3/avr5\libgcc.a(_exit.o)
codec_ADCDAC                                      obj\Debug\codec_fileTest.o
codec_CMD                                         obj\Debug\codec_commande.o
                                                  obj\Debug\codec_fileTest.o
                                                  obj\Debug\codec_digital.o
                                                  obj\Debug\codec_analogue.o
codec_bypass                                      obj\Debug\codec_fileTest.o
codec_default                                     obj\Debug\codec_fileTest.o
                                                  obj\Debug\main.o
codec_line                                        obj\Debug\codec_analogue.o
codec_line_ADC                                    obj\Debug\codec_digital.o
                                                  obj\Debug\main.o
codec_linein_bypass                               obj\Debug\codec_fileTest.o
codec_mic                                         obj\Debug\codec_analogue.o
codec_mic_ADC                                     obj\Debug\codec_digital.o
                                                  obj\Debug\main.o
codec_test2                                       obj\Debug\codec_fileTest.o
exit                                              c:/winavr-20100110/bin/../lib/gcc/avr/4.3.3/avr5\libgcc.a(_exit.o)
                                                  c:/winavr-20100110/bin/../lib/gcc/avr/4.3.3/../../../../avr/lib/avr5/crtm168.o
interrupt                                         obj\Debug\init_port.o
                                                  obj\Debug\main.o
main                                              obj\Debug\main.o
                                                  c:/winavr-20100110/bin/../lib/gcc/avr/4.3.3/../../../../avr/lib/avr5/crtm168.o
port                                              obj\Debug\init_port.o
                                                  obj\Debug\main.o
reset_LED                                         obj\Debug\init_port.o
                                                  obj\Debug\main.o
set_data                                          obj\Debug\codec_spSet.o
set_data_16bits                                   obj\Debug\codec_spSet.o
set_data_20bits                                   obj\Debug\codec_spSet.o
set_data_24bits                                   obj\Debug\codec_spSet.o
set_data_32bits                                   obj\Debug\codec_spSet.o
set_format                                        obj\Debug\codec_spSet.o
set_format_DSP                                    obj\Debug\codec_spSet.o
set_format_I2S                                    obj\Debug\codec_spSet.o
set_format_MSBLJ                                  obj\Debug\codec_spSet.o
set_format_MSBRJ                                  obj\Debug\codec_spSet.o
set_fs                                            obj\Debug\codec_spSet.o
set_fs_32                                         obj\Debug\codec_spSet.o
set_fs_441                                        obj\Debug\codec_spSet.o
set_fs_48                                         obj\Debug\codec_spSet.o
set_fs_8                                          obj\Debug\codec_spSet.o
set_fs_882                                        obj\Debug\codec_spSet.o
set_fs_96                                         obj\Debug\codec_spSet.o
